
SQL*Plus: Release 10.2.0.1.0 - Production on Thu Sep 18 16:42:19 2014

Copyright (c) 1982, 2005, Oracle.  All rights reserved.


Connected to:
Oracle Database 11g Enterprise Edition Release 11.2.0.3.0 - 64bit Production
With the Partitioning, Real Application Clusters, Automatic Storage Management, OLAP,
Data Mining and Real Application Testing options

SQL> SQL>   2  drop table TREMS_PAYMENT_210408
           *
ERROR at line 1:
ORA-00942: table or view does not exist


SQL>   2  drop table TREMS_PAYMENT_210408
           *
ERROR at line 1:
ORA-00942: table or view does not exist


SQL> SQL>   2    3    4    5    6    7    8    9  
Table created.

SQL>   2  
Commit complete.

SQL>   2    3  
Index created.

SQL> SQL>   2    3    4    5    6    7    8    9   10   11   12   13   14   15   16   17   18   19   20   21   22   23   24   25   26   27   28   29   30   31  declare
*
ERROR at line 1:
ORA-02149: Specified partition does not exist
ORA-06512: at line 3
ORA-06512: at line 21


SQL> SQL> SQL> SQL>   2    3    4    5    6    7    8    9   10   11   12   13   14   15   16   17   18   19   20   21   22   23   24   25  upate_byr = 0 ssl

PL/SQL procedure successfully completed.

SQL> Disconnected from Oracle Database 11g Enterprise Edition Release 11.2.0.3.0 - 64bit Production
With the Partitioning, Real Application Clusters, Automatic Storage Management, OLAP,
Data Mining and Real Application Testing options
